70c9cd17-5a4e-4fe6-9806-12fba6298da2,5609018519328491684
8f9a0054-561c-47da-855b-a7d315b80065,15117035023437041914
7563a093-70b8-4093-b73a-6eef748352e7,6318495512367934129
b66f7abc-c60c-494b-83f8-431aec0b2e17,7428994525405810175
8f658ff2-ee1b-4b42-afa8-8eab18482223,8167417477506954926
31de35b1-40a0-4e5c-9696-c3e3ccadd27f,14674189583962807061
d4c82a16-8b1b-47a1-90c0-df99b441b75c,7327783891832761101
d36500be-caba-4a61-8cc3-a65bfd15e28a,15725983873624251818
8bd3fcb0-f61b-43be-9711-35e2065b4119,4799758330113002836
c07f8d3e-b7d5-46e3-932a-6f02fccf6ef6,1105451032360409001
9dbb4bf3-f886-411d-bef8-2bd6ff867408,9432911516509013941
0219e2e0-9d06-4715-bdf9-10beecd03828,5355065709613887266
890a6f49-ef3e-4b22-8ac6-3f99ce7a9f03,7010889642581790587
02e25bf4-d905-498c-8c0c-c8972bf31ab2,14480285205757478009
8e10f034-11da-4dc1-9abc-c8a2ad7b47e6,8434653714917393868
b9f2ed82-380e-47e2-859b-00407aa9c049,13353540403747101511
b15d4646-cf4c-4a5c-9c16-17c0bda18727,230667235262042680
a793c4bf-a65e-46a5-91fc-c61f54d7ff04,11197790151325333545
ba560912-6f8d-4f2d-b1f9-2c8f1a7fa91b,9736390023539897247
86b0fbab-4ace-4423-9565-5178e82ffb38,15194557957041647494
fed9596b-20b2-4fc4-87ee-80010bfa0dac,4970498895829093285
ff1c4854-c8a3-44bd-a099-51bff6cff6fe,16580528155387109569
a5061fb4-6745-4b62-ba3d-af67cc632d5e,10836767416358082560
66688b39-abfe-427f-b449-607eb17fa781,18022919580705010417
43c97e62-1540-46ba-a001-53c83487a56d,17159047995222228484
5707fa0c-d84d-4a1e-83c8-b39432bcd722,2438910908781597510
22239adc-ad14-4868-9d2c-f30b4f9be23e,9017263151699624053
f6e1d3c3-3397-4395-99d4-197a9f2af6d9,15258677470529971541
21968cb3-3ef5-4c6f-bb01-8ba4fb4b8ae7,12260785841820198676
b97da978-54d9-493b-ac01-cb31b1a880d2,6486718070432228383
892d35e2-ab94-4162-95d6-a789451ed4fa,8804510973282010756
d673e17b-c4e1-43b1-b906-7ef73040aa6c,194725964487171249
13c4fc22-5a8a-41d5-8a9a-536122e428a9,12513785562575705483
30e64121-1e79-4b05-aad9-3082b2c8fb20,5469800644628388066
f6ec5065-5895-442e-b88b-8ef9995d1a61,818349124433647824
6e28b3db-5ac7-4632-aeec-011d86df27c4,16243082157481000423
59d3b8f5-0918-42b2-8307-1bc93a961c7c,5314777672857900004
d63c76e4-4679-4d68-a826-5b5507525a4e,5053985807747611432
a6174eea-10df-43a7-b758-3612d193fc62,7026754575353006637
fbabf3cd-7610-460f-862a-40714aa1708c,8413984510944048007
40da1a27-795b-44f1-81dd-ca589377a628,15015572762485105325
6aca5c1c-05af-4905-994c-ee69bc207694,3569052136343490650
10a9f507-7738-4bc8-beb3-e96e13324101,5436742369817172423
b27bd9e5-a55a-4139-bd6c-8635ab2b2f32,2203178120453756208
3a41c845-a4f0-456e-ab84-3f8bcf7f34e5,10218332032726613418
55c5e14f-63bc-469c-b1dc-508ccc09697c,5918761651511193731
2496c332-3e88-4574-9249-7df27cf3a1a9,17077709535835275445
4c1cbd2c-ff04-4ad8-8e18-afc09caa61c9,9741527320935239799
64520e5d-9a55-4aba-b934-53eef9aa6945,13728045120697922438
3602ba71-7baa-47f1-95c1-1605110757ef,10118264814870480475
ffb549a5-12b9-4b38-b0f4-2457ca7b7226,250059445832703205
a672eac0-aac2-44cd-842d-8bfaebf7dac3,8399304625864354543
d337a873-e500-4961-97ee-756435d413fc,15806900166708737830
791020dc-6dce-41b9-af8e-1f82b464264a,292400411635428912
4353af03-bdc5-40ad-bab2-e2ef9e4939c4,9662611820869294976
f4413359-4389-4ca8-837b-2a202f8c3b5e,12646436298978895945
eb6ebd65-87a2-43a5-b8bf-9891015c4a29,10802518038352342355
70689933-7aa5-4f47-a4f3-b19bb00373c5,10110018937383017947
9ff6bf69-4eb9-47d6-b984-6e186bd094fe,13745587036071210837
1cc4adb5-a4a3-48d9-9326-f6b674f49f0e,5619019655629712015
c07eb85d-c85e-4bf6-8c06-65f6a967dc20,16309143321844404821
2394075f-8d69-4243-9e87-d99273d52467,2589827796516722066
7e7eb4d8-8ba5-4070-bce7-948a0babf3b0,9359371611784740486
6ec21349-8201-4488-b07c-00b526d03a04,2828635323244539320
244fa095-44dc-45d7-b281-123e081641be,11561635409452747498
c0b5852f-105b-493d-a7af-9b901438e3ca,18405804131388901818
091fe012-fe49-40a7-9498-464af9c1a020,81279630618947521
3a42b65e-056b-4965-9b99-74bbf0546c7a,16209663480967729671
41b58e88-d9e5-45b8-ad1a-5c3d6ed6e718,17308911280021141713
b6fcf5b4-3a48-4c16-b0cb-24ad6d58a79e,12999406958013993138
d28e94e2-b3cd-4c05-a869-c59a9b8d0f78,7424252405298461545
c8309d42-1bd1-4a5b-b8ae-0a2923d46079,15741611627761819957
a8240738-7e24-49b8-9131-af5a7d4f2182,61985091448681735
ad913fab-626f-43aa-9961-e25c7c5d836e,4707294819752701381
1d7fc638-2f80-4cde-b1d9-6a33de1a3555,10525831790090805109
4814f961-1993-41ac-9602-a64381512640,17263991526879921303
79fd29a5-2577-455b-921e-183161d9b9f8,2446984619808735891
bcd9befa-27bd-4bff-a2cc-fa9c5ee281c3,2570364060680047377
c11078dc-96dc-4a48-811a-93e5640d33a7,3471175490125603243
641b98e0-f416-4df2-96e8-08174ee718ed,444897396069639950
eb2fe3f2-2b29-4d50-ad03-74a7ea6d0430,6685080412106572327
b90e7b12-3096-439e-8192-8988341c4ff9,10043466287011660482
3d3b85df-9ea0-4fa9-b504-959785ac1b3a,3564213511718514372
25799e01-4719-4c4d-ad1e-835a9d212d0d,4120825351139774387
7411962d-d562-4a5f-8f0a-de0bd45b777e,6588488337273221536
07000e69-6027-4801-b481-3f32f735a541,2363253823377344594
6e1c4307-c6a4-4d39-b90b-e10b24314a56,8320220568384726483
83f05b9f-eda8-4426-a1db-4f169c09f637,9140201953902760473
37d3ce5b-2ccb-4bde-aff5-04f63bded234,11555063280321660123
98add5e1-dd16-456f-b4f4-62d5e1089ece,3016385822458341324
0de42c70-e4b0-4450-9d96-791601c5c66b,5155760951778220446
15e4f313-cc00-4cb3-9286-329879b63364,6662900482757413722
4e5599f7-de26-48a4-91ee-861109224871,1170033141069681521
5c58a186-7c08-4906-ad5a-064f22f2ec96,1981982572699307697
f38e51ae-0111-4704-8b0e-0d03c6e79c88,13766544503146503096
9a51a873-7df2-48a4-967c-0d4ed35c847d,11806651171621352849
4a2fb445-d9cd-4290-b321-f1334d12d3b3,18067270219914451452
4056befd-a0e1-461d-b1a3-63d46048766c,14906570629190212461
a0f6e31f-5427-4dc2-b1c6-61196e4917b0,17084705344247229497
7ee8370c-c499-45c8-9a14-316ca7fd4e7f,12465022492612805383
22cae1a0-9b27-41fc-8ec7-4f46865afac7,8331592532956237947
f383a78b-c5e3-4ba6-9145-8acd0d465984,11857935981593698065
7d071b4d-56e4-4448-82ff-b0a565475adc,3266170834201085551
b2475989-3cb5-4f80-8273-a4679a066d5a,13274617084478667713
fbedcf0c-1912-4a59-aee2-94162bf9668b,16779331799133331752
ef733202-b09d-4e16-b791-14475be9ea2b,4497129205559160752
7fe21f21-e8e8-40d8-ad6e-85de81c0ad35,14003324085629087103
f82dbf06-b4a7-4169-b4f2-0ca351bb94ce,12537944252259107703
a1cddd89-d8e7-480e-89eb-4217a4c3de59,14323266434434541819
ff58b0ce-7c76-4b66-a11e-212188971c59,3089660583062243847
3763085a-19c3-4655-a2de-6db88f7dce27,14386643653879574196
f37b1eab-30fe-4233-ac4c-df6a760da1a7,10524124216888254935
021e0cf9-9635-478e-8069-5dc2b3ee5c88,10423737880855046061
d204160f-2b86-47a6-9066-e425c1d61e7f,17920422953895387756
8089b200-027b-4adb-b946-5901abb8e085,13220504153825832548
1276f9fe-e079-463c-a29f-bad27cd55c6a,2208002896324027832
350b67fb-d216-4d53-904f-6f7b31ff2db8,14001201522075117844
0316d7d8-78b8-4206-9364-1cec7b676ab4,14878309126329288821
ad526688-7b34-4711-8b8c-75717876f481,819863080349288831
bbf98ec0-817e-49fa-8c63-3930b0fe7742,17236146026461540962
2c03395a-a286-4661-a6c1-c50eb8adf98c,15203323242124055500
459b4226-4f8e-4c17-9317-ddfab649b338,14586304566849547138
373b2ac7-1a81-448c-8a8e-292c0f8fea44,10811735111120282996
e2bcef2a-0fb5-4cc2-adb8-3a42b19ef199,15171369155933248941
3fb5c354-e931-43dd-8c4f-69a87c7f0185,11722866744084627880
2235e20d-b830-4126-95bc-d2c8d33af9cb,5233322840202044700
93c98509-2ff3-4dd6-bc26-09333b2bae43,6172071990013758071
e1dc3696-7e05-42ab-a37a-2d36ee433da8,1761699733906153185
f70ab532-dc39-4d35-932b-fe416985c6b1,1024895269068578890
4c53b47d-73a9-4e6d-959b-34fd10905d6a,7356868035709359947
73ee0cd2-3e84-48d7-b2de-fee5112e5f76,15288775364050002881
1a69c6f5-96c7-479e-89de-78e3cf82df56,4649249590426993201
81556453-3049-4872-8db3-de6761612f44,736798011680092427
9ed2f846-71ab-44fb-8289-b74cbf862386,6444239096115791499
fa52c7d2-1db9-4624-9d95-44c6ca694ba4,5871916813398328026
1d232799-a95c-4f6a-9fca-36d33b693475,10330081136144101262
3ecfb8d7-7c5b-4f09-a219-4840b195c4de,7776643145764140719
a37fd05f-a6e6-4e38-8b56-475eb646ecc4,1072951577546076632
0d11d7a0-c270-4412-9583-ff9c91eb626b,4565856162618632939
25db8c46-af10-4768-b09e-b813f34f10a4,4185806089484219325
0c83548f-9372-4874-9d6b-80c5aba0f0b4,13457535930979506878
ef78bee4-a7a1-47b5-a0d7-d61c4396b8ea,14171154928976531851
349f5f04-90ed-4e86-819a-93dff7cb7897,13135052461732901774
776377fa-a69a-402b-aa90-3fbaacd340ab,13681047185967754953
683a143a-bbb0-4b5c-9b63-aaff30942fbf,2010311253160646832
aca19753-91f9-4c8b-b193-14060b71afea,12048040883325235422
92b9afbd-67e6-4207-a2df-c7c77947c38b,17884415508744091025
6dc3a693-205e-4ebf-b759-209e972be8d1,10285397567098699838
86989fe7-92b1-4a70-ba65-577e57f2271c,6980482075505743681
652b5060-9d24-49d7-bef3-44ebc7e11f2a,10415156764099992327
19892306-9158-4d88-b292-c4db49fef155,118336319175402368
e04d914f-955b-439e-abf3-e4430ee7e2f8,6147361502783306604
64896bf0-d66e-4366-9e22-72ba910ee239,18301228688384331176
519cd369-f0db-4176-8538-450c06640e79,6054462364258901131
e4a2cee8-6011-42c2-9a02-083eb50287c5,3236135047010774898
ef16b8f7-ba95-40c1-b9e8-58ac3108293f,2963367286218587095
72ba0a7e-419e-4362-be4a-59f203ab86a6,2054577547829118469
bc1ffec3-ee7a-4b97-98fd-d9c3963e984d,5864847892277016554
aa8cce53-548c-40b2-aef8-d0d6a6d97691,2370402929895519935
24470969-47e8-4710-a88f-ff96ddae09d6,997568090714976633
5b1a16c2-cd69-4df7-a9ca-4a16c5e6d631,7857679676469740551
3412284f-a7d0-417e-9302-d568bc8c4f63,2038703897004518144
9f92afdb-9ee0-4158-a30f-8ab9ad7b5178,7028538500304627448
551833ac-d8fd-4b4f-a963-154ab02c29e6,15885288696474508432
791b2a71-c184-4f21-8d70-fa7de4927b3f,17195892936309185562
08f76bf2-6445-47b6-986e-e61e4d21e507,16271923906530054155
bb94fcd2-bdf1-4518-8799-31c5bc72cb4a,2867612909143611183
b1341970-96e7-4591-9470-7e31cabd6b64,12828884138175719814
b5a07295-acb2-4d8d-93f1-22ac5c9e23ab,16456192488115004101
83440ef0-251f-4d73-b284-fc6d8cd977e4,13091738364332608529
65b4b31d-0a8a-4f5d-896e-66ca602f4aa4,11761582180287402783
8eb79ebb-01e6-46b6-ac41-dbc366b02ef8,10428472541218744778
5a5dc5b0-05be-4572-8afa-b4c5c3732815,9744112147447174016
df934fd0-1336-4c26-badf-18dbeae884d9,17349912208327314691
148f41e5-7f99-43e2-9c72-2971e83f1a16,10903306938355151766
8a9298b3-9e20-451f-b25c-0138b4253ca2,14005491288083776025
02edb440-8db0-4be0-9926-5716ee785189,18173489276235351019
d2daf5da-2a81-4e14-9caa-51a5d68fbc23,6023329101152735036
29a2e7d1-cd40-4486-b41e-5e8b731ffbac,11966263911966279399
599de2d1-e8b6-47d3-9090-7d622e777410,2653241249840446292
0ac836d0-2095-458f-88fe-a058452f111a,7404711385092862813
1e3234a6-138a-4f5d-a474-a24ad2865927,14592621891411802512
c210c386-e9d9-4742-b491-c6e20a510822,2729709770353234213
7e1d5263-734f-472e-87bd-2d56e3b607a4,839512917781021798
bb0dbfe0-4c48-4a9c-86fd-62b16a406f01,12219091646050184555
e691d59c-8b5d-4994-9511-661f0a3de5c5,8300047803325215049
b74a7c9d-4091-4253-92ff-7e1b70fac32a,6486337914040270014
7b7984e4-8953-4b43-b059-033a8b31fdd2,12494105151157854583
63d58d73-d7f3-426d-92aa-3b1b36d528c6,15296585658406557275
fd580b22-b79a-411d-beb2-0ca3c4f9a72d,11714377794141090397
ba94893c-c1b1-4ee9-a347-451151136d62,11406921438773675607
22c12ade-0330-408b-b060-9e027f863e17,18160486697615263169
ad31c836-d3fc-43f0-a281-729d1e6a5abf,1403261756580428529
70e8d348-c05f-47fa-b301-dfc2d9d110fe,6960269067429963908
ba8b3ba2-4e1b-4144-bdba-e1651be69b49,4477193000998464436
2270072d-53db-4e18-8d87-5e82febcc64f,14901932670274699365
26f22b53-f9c0-4fcd-8d17-7512ef880d5b,6071548848103303757
2b70940f-3266-4de8-b68b-eda21973d4f3,13840863998438315668
ad47c077-c078-40da-9797-454ef7c229dc,10417855947172304176
9ae78aa5-6610-47b4-984d-64bf56d63697,15333918864564105087
357d7f2e-e9a1-4ff7-a3da-19d063aae545,15215492611988418268
a4fc0829-854a-4f45-ba4a-8a5b242c36f5,8050673350267767999
5b65bbb7-2f9a-4867-a298-d87d8c6b6c26,6411272121594995639
cace7c8f-7aee-48bf-becc-a427d159d98d,10445303880394348206
d062c34e-0857-4b95-a86e-b76218098c5d,13712056041533949642
31236937-39d2-443c-8657-5b91641975bd,11816927175753553219
78a68e9e-04a2-4e1b-909f-4e3d5bba26bc,7623740065029262937
dcaf3590-d9a8-4fe1-82b1-a9dc3a233360,9618214083867937904
bb0a5151-6099-4064-bd5f-229a5ca233da,15226126882531710626
adc9daa0-1488-44b4-8a33-54ac33c8c199,10141709537179886945
c50ee968-c105-4698-a3b5-d1049fb30166,8364586660208884597
2402d464-f095-4504-b04f-f97f9edebcd8,13488334284981793430
1564f4cf-7042-4647-a703-387b8b7631af,10563099578407644596
02d8af1a-b077-4145-b3cc-a2dde2c93cdd,16815769251379674891
079e4729-0d9f-460a-bccd-884bf6b704d9,17124807707174709389
cf4eac36-0282-485f-94a1-5527635477d1,1335646561289073727
eb6ab4dc-336d-44d4-aafb-f0ff83a0d7c1,5052690629085956103
9d1e35c4-78f9-4e91-aa3f-bff8a20db6b1,6368788615681026427
dbe7b672-78f6-494f-b53a-cb0c0698430f,1495015209713321045
9cf1fa94-16d1-48dc-a665-ef120f3336f1,12927620678289279205
15f471bf-7439-4543-a1f7-45e09b8e2a0c,4114917701182693587
41282e73-b2d5-4307-b78d-5e06fbe9acca,10615164003929590252
0693bbc3-0945-42b8-bd1a-18d0f417e0de,3255902115705127630
df61de80-268a-4479-be95-78988a4b8b90,15872381490359007806
bdb85f88-3b10-413b-89b8-093fc5781f08,6556266949107261327
0b15588c-655d-438b-b9cb-c1a1f8c0d635,6770925644593557114
2b73b841-1074-4b1c-89c2-8ed8a582a36d,854726150881329990
0b30fcc8-ee2f-4ae2-8953-cb45cfdaf1eb,12682220618138143747
c7583f58-39c1-4313-9caf-72843d5febd9,3717771664736850549
2b6a1f47-1142-4980-bacd-d5c847d0e266,14437393296555898723
5696f28a-a510-40cf-bf5e-cb86a51dcde6,12101733564938475454
7ea54a5d-78fe-4410-b9d0-bcc160fd6957,14756539196480421448
ad8a3596-6874-4b71-9442-d1aa8ee79515,7886422462313598031
89e83d7f-1bdd-4661-99fd-e6f191d36f64,15201414554141558107
e0c62c37-7c57-48c0-9792-616a241b2c95,15756907632969343916
f57fb75c-e3a8-4e40-bb36-0dcaa47f4378,7477560240785286949
25fd133f-a635-4ca5-b0c4-223da98ba328,5315058840739992076
c6f3a944-a290-4720-b73e-c322f1a59767,8112739256357589017
11ad508f-bfde-4b0a-9ddd-27151308ad17,6128412771577748511
e561bed1-f05d-4994-895a-c106c4c11d48,13076966886240885175
e80754b6-db48-44a6-9431-f5e074ceeb67,13213393276394321414
2a0adec6-5516-419c-805c-882123b36941,17422733498439292646
2add7b38-30c2-41e7-a1bd-424213b72574,4578249538872307583
a49a04ac-bf43-46a7-ae7f-23fec325b2f4,17427376209267157632
546a6617-cc76-4490-9c97-7e3f57e2c396,11036587839592775752
ab64c254-e327-446b-8c03-d06822aff9a4,7288180536444957215
92aefede-261e-48c4-89b4-ddb0605ac79b,8129111250299165196
92c429aa-2f75-4303-9df1-f009d8d8cedc,15574811785907638460
96336d26-f2e3-4e62-ab09-30beea329939,17179980719449725476
93e69631-5011-4674-bb0f-a8063ca8f890,5098782096125804340
c9144382-391e-4fe0-9ca5-67f9dedd1a78,13760254303698133902
0fbb43e0-4403-4a13-8d01-c153f9466b81,15180220220459519865
1cd3d72a-3e6d-44b2-aaf6-c8cc04ce881c,15429866051676159727
2e0f31f3-8ef3-4af7-965f-c8c59b60de66,12490538145700193514
13ed6fa7-fc30-4c4d-b583-48df557d0f64,14390235422746016780
fc146fef-b56d-450e-8cdf-90c6d893add6,3927794586203825540
7ba366ba-2c19-41ba-aaa4-e60fa4e7fece,15203504853090055256
5a37482f-a97a-4339-ad7d-b25d7e7f1ffe,12397970709817754219
14326bc0-9f48-448a-bfe8-d97d85391d94,10715556823867591711
02e50a5e-787f-4fb6-9ae7-1c436d4099c8,10681207018273705328
8514f3d0-b574-412f-b17f-dae8f58c045c,12454894884315731965
07e89cb8-f421-4923-a8ef-1a6969df2598,1817733738368328535
01880057-1720-4203-bd87-a594a6a170bf,4540396929665887664
05085444-0d27-4937-8669-f6baa4ad3583,10364054310483555672
056184c3-2492-4f1c-a391-03ac0c5c4f7f,10690944791083722239
3a1ba80f-aaed-4737-bbd3-edb709b3ba91,11774652416160566514
44ece1ac-e08c-46ca-99d4-586c5ad99571,2981412432279737072
0d0d9968-9af3-49a7-83ca-3a38c90c7098,1037956035139595735
34eb961e-2cd9-49d0-8a78-5ed9b3560a07,13209141034063421932
032d6a49-2cd0-42ea-bce8-a804e9c49eeb,3635927208488285610
909c0f08-49b8-4942-abcb-a9ed6c0a6109,16164980436512532428
cb1629ae-1389-478c-82ec-f469b349ec23,8423319617811847294
c4a9f8b7-88cd-4d60-a85b-880aeae02fe8,7365163633597329269
ddda616c-f77b-483b-8d46-47810c0501fd,10769910228281113240
af184074-b1f1-4c5b-a27b-a1aaaf20dced,18375196641794226547
ccaf7007-6e79-4c58-9d47-605c4700ac7b,7630058676499080789
f2fb128e-e21f-451c-a357-6167e279041b,6792257029994381843
212198f6-e80d-42ac-ba78-45a21fcad49c,8945373685994539772
b8c0d3c1-b06b-49a6-b0b4-b81c2192ca2c,73105000983185856
1058f8b8-d193-4b3b-bcde-9062a137e1e1,13095314679188325310
7efbc496-12af-460e-9276-7d03e1b02389,862702803060960791
f76ae9e9-dcf1-4b35-b10d-155682688ae2,3546180079610517249
28eb90d2-1866-4415-bb8b-a3609d0bfa44,10505347880700433016
6ea88981-645b-4a61-b4d9-14748ee56fbb,7931888102483150853
6ee350db-daf3-4b4e-beb1-57c141b54f28,15377198694976370401
6902bb7c-0d11-4e7d-997c-b39487ce6966,3323286829465155461
89958ede-f776-49d3-b165-36724ff44a7b,1466534226634052190
0ca2fdb1-405a-4e1e-b69a-e6a711b3db8d,10372687317710200583
eee0600e-cb47-4f6d-b931-4b8734320f00,13270071512129390350
9d0f2fbb-edbb-456f-8b9c-214e58b708fb,15608479172019095696
fa6027e0-d273-43aa-a9a4-c90f6c5abb2c,15577159224031861939
5d248e2c-7cde-435b-a918-d0e3d03fc402,491082198184580193
aa0417c0-c0fb-4898-803c-f690b5ff7805,16715659434243521703
647d018e-9c1c-4d48-afce-dadd63aa9954,12894372883103941375
80a75c93-a3e6-4949-9eef-4667c41606e2,671384558829894008
ae23fab8-23b3-4491-9980-21554792c776,7823940922482311843
a6becae1-d210-4a99-9c39-d18eb63ef2f9,16583313522104827851
33216161-795e-4fb2-b47c-2c86d5a28db9,18302054380871298628
28763604-44ac-472e-a818-4185fef44eb9,8046567494921661457
5c19ddbd-ee34-4ef8-85a1-4469fd65b38c,15774457146098516785
c09f4e37-a3a9-4092-9400-771532dbda62,2130347318903032716
a24ff708-f1cd-4059-8f75-20c7f92755f7,18272522787150994448
4760723d-64bb-42e4-991d-4e53883f311e,9601719927952535835
c036fcd6-5dc7-4b5f-9265-48c996855040,16297714266897001433
127913b1-aafa-4dd5-a259-a05d9fcab2f0,14108722367676355617
bad00707-dbc9-4d9b-841d-49ffa95ace46,18420151367922819668
135387a2-b61f-4253-a9af-82600ab255a0,6217531844026872783
ac317c4e-7eaa-4019-81d9-5d873a83f041,18368427130407616372
68fed186-9f08-4cf9-a776-3c9f1f5f3c7c,3037436399019857700
63a85952-b139-49f3-98cd-b71ebcf2abe7,10416421818001757327
953f0cbf-54ae-46a2-82d0-745c1bd766a9,2210099812073283826
d9754213-5b6c-4a67-9b4f-7e784fae600b,7268178686325746850
e82908d0-bd7d-4a67-b616-7e40ded26ac2,126677362844781535
0c303a3d-ddad-41ff-bcc8-eaae2626670e,14841322255529518631
ced868e9-04d3-4825-a344-bece4d28693d,8226938741989923711
8c79e327-20d9-4233-898e-5d96627155f5,3922861821272828671
ae0ffea8-e9bf-492f-9aa7-2e207ff321b0,9053653880534307331
93ae9685-ec5f-4024-b7a0-44cff9e488ee,2267733963294268592
b2a1a12d-868e-46d6-987a-dbc4c31af339,5596504343178317493
0311b5a7-f8ca-440a-bafc-458d59b1b4ee,11198069086903362739
a373742d-9c15-4141-9e3f-b959beb8c0f1,4099317693811981814
f496703d-7d7f-41b8-95a0-0b686d34824b,11880076656029567966
7d62a578-5d14-44cb-b449-00d43d2ceb64,8099683605186559977
610ff426-f75d-47da-b81e-59b7c83ee674,16025942637677609362
d5b927cf-a819-446d-8571-7e6afdd1de3f,266976924832404043
d1ef3cd6-5ccd-495a-ab52-602fabcbe1bd,12115832416815382667
9c343cd6-4703-4ef6-a069-e5767415b132,8110543895246063880
fadd03e8-7ff3-4550-9893-5417791db8cb,11016157699928408718
ce0180de-c6de-45f7-9d91-9f8e96087ced,13333745721116726827
268134cb-8b5f-4fd3-995f-1eac7b81531b,9774742473993860575
f147ac6b-8111-40e2-857f-079bd596aa5e,16662297167401850099
57fafd71-6d80-4d5b-9982-73597e132091,7924400033750718220
9de10ab5-6619-4bde-b288-4643e5daae46,12382433915295371875
5a8d00de-c0b6-412a-8ef0-0b6093ede83c,2427589106112989356
d66e6688-7c01-41ee-9bd5-c5c39db636ec,18323602537130888020
9fe86b41-c5ac-4522-ad58-13c9a0983c87,9826058666244993849
dfde38db-e06b-40d1-9cfb-6e1b3a9aa146,4687439591702969857
784b8253-e959-4488-ae2a-425cc082decd,9965184648572196645
c807b7fa-a62e-44c1-933f-816e811c83f9,4784828800385123102
46b7ab89-5b5c-4eff-afe8-2db3def8b3c4,4523332978913421071
95856cbe-e683-4add-947b-cb66dbcda51c,6864792064455494132
fc3f65f6-cb30-493e-9916-91dbe3907c9d,8611793209067607715
3c182e7a-af37-4a49-b220-760920b71fc7,16828932514660277905
88d43cac-fc92-4d72-8758-21f3dadac8ae,9968574875233297466
39afe653-26f5-4dcf-94d5-df690ac97d87,355612544123013010
460646b4-28b8-4f4a-866e-fd45b863a6fe,58283979422098553
5ed94c38-befe-4c7d-836f-735badcca16a,3169147965680735136
f3f7fd8a-ebdf-43d6-a6ea-63e9cafce258,14446795390659657919
4b5fa658-3af4-4afd-9307-759dace74cca,18234740812752108006
4dbb539d-2e6d-4742-a42d-410ecb39a80d,15787290196435000962
247f486d-a8cd-42f3-866c-da5e913bc24d,4064384605045666477
33a4e6c5-cbeb-41f8-a239-9060316e2472,8067662331694905247
74c2a949-f9e2-4a36-9b97-87d6d175f4db,4964932431028179596
c41215bc-aed5-4242-9bdf-85f2ddb22b2a,878721566813207348
b758de08-b474-47fe-bb29-431d941db09e,17018462303191298799
19e54ad4-2c71-48de-94cc-f27d838589d4,11816343633578419746
32ff3be9-deeb-4254-8685-ea6476052bc0,6055159133387114483
9c738c0b-0886-4155-b924-606a181844f0,6695659325768862611
84517f42-f51e-44cd-b2a9-300660bae33d,12065573638877831205
e34898e5-5684-4b15-ae03-07f3849f15d8,5443029676984761526
c290f880-f139-44e6-a6f2-25eca177705d,2906305726732255292
5a047197-fa18-4ecb-865b-09e420166e73,7434289790281700340
45f12257-83a5-4e70-b322-22ec84d409c8,13665278680193636157
4ad4774d-8043-4869-97bb-23f28d1c974d,18398181241297316896
4841e62f-9f2c-4020-b78b-57334acddf24,14260949861676166605
35369561-21d7-42c4-b990-e69d10db9e6a,4538894189188567548
d5bc6f0e-3b13-4fc1-b9aa-e0aba12eabfb,13910986786076516211
212b98df-876f-4dcc-a671-ab2cc8ae7f82,15506794886369960429
649ab40b-a502-49e4-8b6e-56440687c9d8,15286599126006236429
d3621eac-ec3e-4cc5-8db5-9f9d0d7da4a5,12475062293401731173
1437e72e-f441-4ef8-9ec4-d354a8ab300f,15691758588220039242
3af98479-31f3-423b-a49c-d416b0926731,10293267970648586585
c464d2f0-73d5-43bf-b871-abe8ae453e65,725564152444971333
e39a8d79-06c8-443d-833a-fabc5da0f6c5,4299047624857538721
a16242ad-ce63-43f5-9e45-d00a61e7519b,7617923223658033199
4f999c61-160f-4fa6-863a-9ce607fcc51e,12190784964104411469
76e9e9db-f555-4e05-abb8-f612a11965bd,3605696482113395182
427be3ad-3de4-4033-b025-aaa58cca2a3d,10288510438263219526
df85681a-efad-486c-a4ce-3229a6b6bf4f,8071278015048047127
b8451388-3c3b-430b-bb8d-9b3ea0eb1808,17731274891333623271
f6e25235-bc31-4f43-a981-315524ee0419,5594470552616941225
fb144fd9-4e81-4dbd-b742-2daa195ca750,9489613182248212455
6a868013-4422-4629-a096-8dabe58db35d,8843848706534433036
9cad5ad5-3025-4d9c-b829-f590bc3780bf,13900978024876270272
9d9a0b6d-eed0-40f9-a26a-840e5c8b5c25,6710525964493887243
43f6f9f6-2cee-426b-bc63-a95943541f90,6099511392353574196
35b2d8a6-3abf-4900-bfc6-535817ddda61,14834695558703527657
fdf970a7-ece8-423e-a795-ae147a560702,6820605513816548439
4ce09efa-3b0b-4ce7-8bc1-1d8bb6c595a9,970518200492273812
39609c68-007c-4c5e-a0e7-483b16232f49,57867695850570412
79395b5e-9827-44cf-b7de-f2d0b55315ab,14301896413972406603
a270f76b-55af-4fad-bd7d-3c10e6c2c854,14486938520710005732
e15ac61a-3d36-4d88-92d7-5130925af9f4,6640162516672308323
3496feb9-e839-460d-afdb-376ae6304365,12725694495800036274
2984cb42-2c58-43f9-bd27-a633dfdf6b61,17033371472481121064
0940bb2b-ecdf-40f9-8fbe-d6facddd23ba,9195736960079234076
a49a3b79-7385-4e11-a8f5-e2aae0d1a4ce,10406760173319859152
93580d0b-ebd0-4016-aa45-bb2a06a21f67,680080579217702497
f0c27052-6ca4-44e7-9e7a-59c4fb2b8fc9,16446575362595304429
467e9977-ba96-4b15-b272-1e68f4bd1e69,17914656579396618389
99616c8d-b155-4c22-af18-cba1021fd976,816578455724387857
ec70a67a-f9e2-4fd4-b5ae-9a80b03de7f7,7073178615033755290
c137268b-5027-4f52-b0d9-569fd4c51dc3,3281432198613475883
19f0367f-4d86-4572-9941-47aade2c558b,3641022254219901621
9cda777a-87ee-4c02-a0a3-c76f60a322f8,15772866944424900976
ef5191aa-87d9-4c8c-86c9-5d8d3174393c,774700878587802310
7b69d028-0b48-4143-9a9b-ba25a88260dc,14079293361052184794
5930ebaa-21a2-4c6f-8499-b762a5dc1adf,15282191958107025857
4334c9f0-9e16-4ebe-bf7d-0e56ccaa16ea,6054302302637840326
5c8ecb75-276f-4852-87ca-bdf938ac3607,4328948636528944188
04ea0368-7247-4366-9f55-a8c1f3083975,8262713064055028337
a2553ae6-2708-4fda-a930-5415f51e6cdc,14642814489321955729
4feb4f27-92fb-4987-ad05-1ce9ed1c65e6,11596875145897662714
8da2241e-1a20-4108-9381-1e45fd0b78c6,16563583427163933261
b42dc923-1582-4fb8-ad61-843b1b34cf37,8467274730072583771
a8f14a3f-8d0d-444e-ba01-b9fb20ff04b1,18212866679332172190
a55387a8-6c20-4750-825f-a6f6b0679b4c,2513011812026492328
9cbd74bd-6bd3-465d-8b21-69dcd0d4d318,9691693172853424803
b59d0e09-bdc5-4d4b-b62c-10c1c666bc81,16679867831780345947
e8b395f1-8e63-4031-9936-65ef38199191,2470882148221433866
436c190d-1c54-4747-8267-97e1d7445be9,8665923143504230774
c998390e-1f5d-42e0-b5e9-31fc52923c83,6590161221449911818
4ed3737e-93b6-44b6-acda-ee837b55b5f3,10038724351256223470
e5f9ab27-acd4-4d06-a7be-293ab10cd764,3158929715144432188
47e05eec-8648-4387-a1c7-1f641e0b8630,11772189662041593519
2bb2b6a0-5f69-41df-910e-cc44971d7fed,8619419685102998924
802d1f81-bc0b-4345-a3b5-3b95294905d6,8334260446376670783
6bcfb350-944b-46e9-aa53-cd0df5b6dccd,6300536857289467579
8e29acc6-431c-4978-a8d4-83dd76c07e66,8950723038069241513
bb4f1896-c4d9-427c-9840-eafb8cf4db5e,751260702063711779
af34001b-0757-41ac-a15e-9c4330b1b7a7,4647185194224459712
799cde13-9b31-48d8-ab49-f26d537ab1e2,6270401198851563558
c9f8d20d-096e-4401-a32d-aff83a3f7fad,883078001501491623
2bb0640f-9c6e-489b-bacc-da9174f963c7,9953565515389760460
63bd5199-584a-4769-bb6c-276157aaac57,9847142920560770190
253858ea-b765-4f75-9061-06c53c448f74,6101272008557625098
7ad8d724-53b5-4648-90bb-711501bee5cd,11307246131532998449
ba200d55-16cd-45c6-9ff4-b71a586d9cbe,11208207927805710132
d785aa66-e839-4c74-8b3e-f61e8269b3ac,13473697382382858464
f332996f-948a-4f5d-8a63-df56cb42a5ad,6249042232195269282
861294b3-4ba9-4f57-86e7-53dcdbf21c65,10253780456120881067
88ef7f3a-dead-4bee-8532-4dfbe074eabd,1905610136267746530
aa751975-836c-4270-8943-6bbeffdbecc9,18142883447208549695
38000b8e-46d2-4ce3-a711-a56084502bb0,3550628339955747217
b15c26f8-f5f0-401d-af0a-85e0c37685c7,8533225805008763776
d4850d3a-270f-4ec3-afd6-c89df8d7f41d,8756820339616263733
4672f9fb-e44c-4c9b-aae3-af47b88f2c11,9664367851622197023
f163376b-7dd1-4620-9f35-38b92fa53e5f,13494038657842260207
b9c51d0b-c983-4f77-a683-35ccf87ebf12,8032213112531762504
98b83c61-1986-447b-b180-28419739ca50,13753935411667546961
bcd2c101-2c10-4e9b-81ee-6587d6f38736,13371868377766344343
e097c48e-06cc-45f9-a849-fd719f961150,3097503314389082042
a226cd70-d10a-4c61-ae36-1738e3074d88,16297283423170727147
63142900-657e-49f1-aa32-40e433842ebf,12004083200098219585
947dc518-1918-4c04-a884-f6f7a1c965b4,15319964592149998276
29d45d0b-adf5-480b-ac03-42db86247789,2691125097833383441
7002a860-ec2f-45a8-b2c3-690f3181bc0f,7060265783800087961
accf6879-a711-42fa-8d93-61f787d02e44,12837799452849946833
339a16ed-41be-4b3e-988a-1a208392b5e2,11647028779221356014
062ff922-e0d3-4896-8438-235d7b12a98b,16530652623585735785
4cbaaefe-fae6-4a2f-9f12-0ff1cc51953b,17860092501828813770
50c80c71-d2a5-4494-ae3e-a856d5d1a3f2,16866529984217495352
163abe54-0fdb-4630-afd1-4615eedc8d40,7298708708806038480
48b2f734-d009-4293-bc5d-201104befa05,16610625202279553732
b6870dc9-dead-4a1b-a8ea-726bd32883b3,10807294002994184912
64409fe6-07b8-43dd-bb93-f8af4416185e,5352418057126327800
2de8dff5-c83b-4e78-9786-434a9c66ea6c,14872873048161892183
f55799ad-2ef1-43bb-aa02-6052bf4bd880,6857458452432044427
0132fb5c-2b9f-4437-9ea2-cca05d3e25be,12327173758498468179
602ebe99-2cd3-4d94-a5e9-bd2582cd6600,626384133107124528
1c2c8e6a-a3dc-4639-8dd8-1d1c5c6d7ed7,4932064762444398423
b63c40f6-1a27-46b1-92a5-2089f33b093d,5711326331419616798
55acc5f7-f869-473b-939f-5ee061c3867b,12769829789801933682
06031b96-3091-4317-8f6c-fb2ac1f119f7,17556619906584831052
200e5b94-2de0-4f33-b521-63eb74a19bd9,11803332465226528000
6cba47e3-8dee-48b4-afb4-ceb39e6f04d1,14896766703115671469
9463e1de-3205-452d-aab6-f075a31c932a,697222739384814514
2fd05103-ed50-4810-81a4-c64097af9f31,17647830727807587126
2c3739c5-f16d-4f54-ac73-2c92a2036294,11775877288617218058
28969bd2-04a1-41de-be2b-a2694870a116,14431677910222622265
ad0ae73b-02d1-4657-8120-ef00998002c2,14253491397690670895
2e2a0d4e-affa-4741-91f2-00f5c9ce0eb6,14117494417371834087
51dedcc2-50c0-4b3f-a0c3-bfa146d9ed29,11712837534378908147
e040b122-39ac-4fa8-bbe4-ea22b5ad162f,11457286839228369586
b9ca9abf-78ea-45e4-a2ed-2d1a902f9c1e,13990171962734857286
eea92c99-e358-4b79-a237-8591cddc63c4,15801641588277466187
0852d5f1-19b2-4efd-a5f1-e608a4db2a2c,1173197735989693092
7854863f-e4f7-40ca-9248-8f1355cbf996,11556191222728568854
3ec2eabd-22f8-4689-855e-b45715e46bdc,9265476242705167984
cdbc530c-aca7-4c54-a26c-6f37ed93a66f,5844518946923348595
6f380b81-39d7-4822-a849-2298be0b59f3,9853684961635268460
0ebd332b-5647-4d50-bd4b-b0718e6e045c,10946868885127718685
48b52e10-2fc0-4842-8050-80d7b9ed09a3,9849484391509149130
cd7fb79a-5248-4b76-885b-2b09244d12bb,8562379287680371314
ec786a9f-d0a6-4c21-b64c-7396667c67b3,724011395780135346
d6007cde-7a76-4a5f-a078-b29f13804fbd,17202590447394536257
12d6ee70-8667-4c88-b4e6-06966c59455d,5904423677881467697
29d29cd3-b0a7-49c8-970d-24b7aa15dc8e,13382201229236715722
e5d013d6-18cf-4b2e-834f-4d7bcde8f9ef,1660787442096892731
6d2c28dd-261b-4829-a660-1c591fb05710,3710360384653821588
bf8cdf72-f824-4a96-9d7e-420b5219d2c1,12167521785820128789
7c0fdae2-da80-4181-bfa8-1acd56d453be,10185922469949125931
ee754689-f60d-4956-a4f6-ccfe4197f163,640236526753195796
33ddd69b-defd-46a5-b1f4-bb8bbaee4bf4,11603714313730489549
fac979d0-f189-42f9-8d91-e2cc8b2cddc2,2346774320020201638
bdd2345c-78f4-4269-987e-e61e4a230309,11057114291814690497
d51e5692-b8b6-46b1-93aa-cc9257f7e5f4,7653422380228005093
9400460a-8cbd-4254-8cf1-8fafa47ed8a6,4449902551950287725
b468ddab-1bfc-4e51-9f40-75a8aeeef84f,10684293751508744706
879e6259-d9a6-46e2-bcc1-c513b6c04012,6472149687069577764
3a9c514c-7d2a-46c0-8289-12a3ce101b29,2080345910924441530
8fcfcf59-bf0b-49f6-8bb7-1000e397e2ff,16420867882976836611
9480cb64-f822-4b98-953f-34521cb9a398,14251045034613292471
a6b82ef5-0eb6-484e-b436-7464b9b5bbc3,3950863569217098013
78ccecf0-8c6f-461f-9a39-3d2e38c831aa,3350089886377167
6ff82b3a-926c-4858-874c-9465b52b4a7a,8067567794387421920
8560fdfe-c56e-42d6-ac05-9f472faa6957,18136001326489507473
42d12de8-19f1-4b96-bc42-ee05e248ce34,10846407278318093493
4e78d93d-b7e2-47b2-8342-3bea68cc2acc,7913215938776541049
0ee470e4-d3f5-4ed3-a168-911ef030b0ca,1975647335480090510
ea994df8-56fe-4a41-b959-18a5c6696bb1,8568619961686197592
d10c8e38-4f0f-4959-bd26-528513aaf062,7944646159378716163
25049fd5-bdd6-4621-8a55-ea95b1252712,8513638824378882506
b892383c-0fa1-42f5-86bd-6ebd8408d971,6395182152175465548
31e7cedc-231a-43b4-80b1-60220a4f639f,17917126326654395946
ed99994b-ebdc-4cc1-8288-f969ddb51b6c,11931087269295491021
db55cfc9-a5ea-4d95-a2ec-a58c72ef9c4d,7487713037160388777
b32f770c-bf12-4085-827c-a6fc014b658e,5226458251731703482
476c8190-808e-46d9-991f-5be1724449aa,17492545957444531678
4bebfb5c-519c-41be-9013-a2786ea82676,3883813597412566085
9895a4c4-9a01-412e-a5ad-5b02e211af3f,11813227385008083759
c2fac7f4-88cc-4418-9b10-deb11d8f782c,12194319215553024203
6511cc12-160c-4069-bce3-bb0e0e768d6b,11487321988425014998
42bcd80e-2936-4df7-8628-461ebf34f142,5735430672360057860
c91f8abf-9fca-42a3-ac1b-a3bc8c176071,4982171453398781990
e2da0e37-abcf-4604-a4f7-79b917a39493,5335675863805287834
9ca38994-00f7-4c5c-93df-752af5a91feb,11628923352858632640
5256661f-17d9-4362-9d0d-f12027462544,4648347162026746313
6213d3e9-f1ec-46ab-be0c-b41563ee50df,16278906313662246135
00f07789-4f3a-476c-a7a5-b7de1a85c999,2544943502264998328
163d7922-8338-46e4-b9aa-73a122929f83,1201899899890379794
bdded32d-2fe1-4e41-b5a5-f1e9f9f63137,9621530207942258231
24c744c7-954c-416b-88e8-abf167190df3,907305201898185560
ca5dd760-4ac8-40fd-b872-ca8052ab1b5b,2859776422652943935
bfb0baea-5e79-49b8-aa7d-dd397d205a38,3883177167481962199
4a2273f1-1183-435e-a6aa-a2aa0395a644,10482587862420757852
15b39fe0-2749-44c3-8f60-98af80036a82,1454849305739148898
55714589-8cea-44f0-ae51-a6e03edb7bc2,17944198674186242767
1cfce2ef-f14b-4122-bd6b-32e08a61b12f,9151197960906110038
169ae4f8-f237-4d90-b1b7-8cbc79b0b4a3,17830929481450466416
0d4e4ae4-0ab3-4427-9e63-a138cd8c52b2,5912503087432641038
e4a6268c-a4ae-4531-87e8-56eda4c4eb75,2119984754185344298
0bab8762-4d0f-4feb-848b-37cae0381088,10401850809667302829
9427d972-eaa1-439a-9158-cd309a359c50,10783915189186260715
c6132767-943b-43d3-9101-addd17b788c2,14846126687689106834
0158c0ca-0ac7-48d8-8637-1664dc3e2c3c,11133589921966736147
c07d275d-174b-4eba-b703-5efcefab84be,15464699699904411741
5fe0abfa-a281-4502-8976-7878f475a98b,5736723605241705756
99192fa4-1f5a-4b67-b574-595daba69744,1712163127860533320
58ce9a0a-74bf-4bdc-a148-5beeef6c4947,2526655628962732452
82349031-a88c-4790-adb5-ab461be0a794,16959363447565732124
d7c80a0c-93c1-4416-8ef6-e7390cba9537,5007503177386748688
0d23f224-557e-487b-ae91-b464c173e4e1,8715738490874261634
a939b160-6a6a-47ef-9c5a-ad5aa9bd85c5,14422524692251257665
17042a9a-9d85-4e44-ab65-2926a17f2f26,9011089392839769759
c1afafc8-fb05-40a7-b598-2c4c2fdb0ae5,5602790385100415870
5da36a66-b082-4c9a-ae00-55014a6be099,17090277906177790524
2273d829-aa84-4e87-9793-f23659ebbbbf,8120510905537527915
1f5a2e72-160b-44d3-9d5b-dd18c9403bfc,15252589327451951058
4ecc1274-d0b9-4ab4-a0b9-cc87f5e1011f,9888570708950011433
47d73fd5-e5f0-4e4f-9089-868f0ad93290,9186224108843756860
7d28760e-7ac6-4cb7-aba1-0f72c9dce4d3,18213357021540339018
97968a5f-453d-4c06-b6f4-63f316608379,9529032893421572288
43531de1-5416-43bd-a6d5-769724301082,6267751964276393603
3c04bd20-fd31-4bcc-93d5-f43139a47288,6477701345868630194
56c3dc26-5278-4249-af8c-bee93aa6f944,14969705776611362771
c6e57b45-2775-4010-a117-670c8a9c2000,11279705494362903843
c7c03aa8-386e-4ad6-9808-934fa130136a,4386776978920715123
dd0c5b78-27f5-4407-84eb-4cf90c29f983,1298540384640199786
e586cc46-32bb-48fa-a18f-83d42389bc8c,10758576538708595409
24e260ba-1b39-49f6-8b46-43b832b8f375,17272705063607614975
b5787396-d565-49e8-a6ed-fc80e08babdb,10035484698368803465
1980e6d7-e67a-438b-baf0-e3a0c2255475,15399058212636302455
bfc1f88d-c6aa-4505-bac5-38bfdfc52041,352248378593812476
8c1858c2-2624-46fc-a1f7-19a7c4e263ab,15543789550689805769
4bf2388c-047e-4eed-8f22-aa976544f34a,9768043368344104713
16e09e5b-42f9-4b2e-9714-568f5f48709b,17342905250871569097
91aeec68-6dc5-4060-9846-a3cd9ce92c61,17438337385352722700
f4378c77-048d-4120-863f-d19613efe26b,4765367999011561599
5db304e9-dd50-4e19-af8e-465703272478,9652456016720574943
fe19542f-1d5e-4fd0-bfbf-ae3981720ef1,14700406613367542907
5c1b7426-6da9-40c9-ad49-2c51571bf145,1176061521884410680
73a7dd1e-1c11-4703-82c1-65974bbde657,15713414747188238858
ed55a196-07a0-496a-9fa4-a0990458f89e,10793076771121972881
0e6d30d8-b583-45e5-84b1-1a3cbbc238a3,17308027606973296841
2bc70601-09d5-4a79-9071-7eb55aad0a2c,17710827015497316185
90b75956-58e7-4e61-8467-db549f5df1bf,3264347159550786683
3ab6171e-bb89-4041-b394-b81425d21e66,6206684565914716883
b0184f59-b43c-40f6-9eef-43a7f0998177,6251412967158251837
44c5438a-fa46-475a-9d14-9471b09ca3d1,7346912269948092433
f1820141-fa9d-44e0-be56-0b798bd97b08,17995680860359434296
14c5a463-2ace-44eb-8813-8ea1f7b98318,6779976431212674299
439c1c76-8020-488e-8f53-c7fd39e7995a,8709381646692628576
7307d35c-4fe2-485c-94e1-4f74ee1e7f89,17324969355083271312
43e3365d-8867-45f9-8cc7-376f4b321321,14656669579016052901
114f464a-3120-4d7b-aa2c-88477cc4ca16,4563458378255536663
6121677d-f7db-48a5-948a-787f2ba593c5,4746049428055806883
8d2e9810-b5dc-4a46-961e-3247bc658349,3790283642838129984
1f130e31-2bb1-4a3e-b4ed-1bd482894a88,5379844205354292505
fbc7648e-4cd4-42ce-8bc4-b6ddffcb9f55,4945363002580683364
592ded5f-dc69-438a-8bec-ddda983bc511,8669141854461603767
dea3d176-0469-4903-99b0-9ea00bd89c53,9155143029368912912
6982a5f2-f919-4a32-9de3-a70c2a6392d2,4502376323007233879
29a2ae88-870e-4b5b-847c-a37b640ee01e,3003458014087101224
afa2740c-f589-446a-9557-c55e5e351fa1,11098789796845487125
9c48404b-8b84-4988-9957-11310eeb0f16,285817478174327528
c3dbe6c2-4b37-4292-8cdb-f5b7aa7c8f98,1161952312122584058
d09a0bc2-a151-415a-8b1d-a747c4304c81,18317241290959470312
6e3e099d-8de6-402f-a89b-40292af5c27b,16553943805962370917
b8ef2c94-4935-4a3d-9202-0d5bd84cdfab,17849954195945153113
4484ac9f-72e2-45e6-9e09-7d3f1b3db539,9336218081285439399
3936acf3-8893-4ea1-ac89-348908ad6a20,3204891242198660717
5394bb3d-2431-42bd-b88e-125d5f1ec9ab,12784773518158298324
0b35df66-3c25-4e29-83ee-99ac512a295c,14896762166085843994
4fc9f653-5294-4616-8956-fbea9dd91883,37920158843926787
bd235ae1-b584-4f2a-a7d2-b803bc89cced,11108875887390181584
4878a23b-327a-40c2-b307-12e274400fba,13170664473906166310
3e358afd-596f-46c1-a892-5a139feb1ca2,11835164541500645167
c82fd2ed-d463-46ec-a5bb-48e52f365ebe,996177585080613059
ccab30ca-5206-493c-96eb-106d453aa734,4672778850136472089
4ab3f101-2083-4e99-866c-e7d001617896,15926687501815938241
a1fbc0ef-d90f-4e3f-8a3f-ec3576699458,4993264266293396722
6950d0a4-3ad0-475d-a77a-ce1fdf24f1f1,323969167364745376
26ccac17-f013-4530-b60f-eb5a829d0d9b,8656752119504663146
20f22578-d0a2-4764-a636-28e4e1c931f8,11646653244343126803
d2fc1ffc-59fb-4b28-81e6-e72140d51987,2401139779257871532
50d3b9f7-7cb0-484c-9c93-ea0d62052294,3604731422683743443
e022eae9-25c8-4bc3-9a01-c50e2ba47931,14867231947773694294
bd79f7b1-411f-4951-9bee-860c5a610cc3,15563056265432241018
fb8542cb-43d0-4771-b50e-a65436dca69f,15568136290763398146
f39725ff-777f-4325-a1f9-cee0829309bb,1407303901722421494
81f12067-5b20-4b4f-a418-2329d73626be,15090576400404391149
74c25209-8c8d-4e08-993b-8c7ff96f3bbd,5498769967368958070
f1f7efd8-2452-4093-a9a5-52af58c5cbe5,794540857597219059
cc064b6f-014e-42af-b154-856b830b3e92,13285072943580069308
360881ec-11b5-431d-8e49-51a4f0ccc33c,6987836070406540491
a7b94a3c-b9f4-44a4-a713-4cb27c9d84f9,1434105211343766109
77cd7bd7-0b12-419e-9d17-0abc0d12cc10,7588244730923489944
678ae715-ee81-481e-a591-58f3ba84672e,10848654495947800604
32aba405-e156-47d2-8840-b9bd88d40591,10923440950338228243
ce2feb85-209f-4c56-b708-66e72605fe2a,17248810414120568164
8db6aa36-4f54-426b-91b7-7e9555a41c36,11158044363521327646
8460641b-4e8a-4224-a56a-bfba45ae5ce0,7510765181688379270
e616974a-4380-49f6-a020-f99ae434ed34,9938715694257964887
7fd8cc99-ec68-4cc8-b41c-8ca615f73902,18091918148537639937
bc3b03cd-704c-46d0-ba7d-f64158703f61,14908271872924435603
5fade749-457e-49c6-ba26-b6107f8ff7ec,18259981880987819273
a30c0733-e240-47d1-8c82-3a208af00241,15671536739528983033
934436e1-5c89-4d39-bcc0-106b07e7eeef,8855242690502677144
13306ce7-cb45-40b0-b158-7d199a652af2,13332448258693693404
1e525a24-a813-41cc-921e-121a8c37ffc1,2920468685840535872
1a5eea96-b340-4796-8a80-bd252372ac4b,16843452770961429192
8376f822-0420-4220-8da1-a92b88eb23bb,12553179380214003237
447e1099-84f7-48ac-a8e2-7281b8620e1e,13896505508997949778
4b0236b0-8aa2-4cbd-833f-d688842ffece,16309138524673157226
192d48be-dcd2-4361-90ed-05593951817c,12270283209586624000
953d6ba6-8dc6-4ba3-b20e-9d1d724f70b1,1860488919272270538
7afc8eb3-743a-478b-931f-df60ac4c7ba1,9477213516943239279
45566647-6ea6-4632-a520-1e18467c5bee,17465102055215753388
67670577-6103-46b1-8196-7a521472c379,17785319439738093219
604e1873-1646-4206-a516-5e39c7c59a1d,4246300844023331258
435b46bc-dd72-47d0-b033-e6687e11adc7,6586939668069489677
b87bf9ba-0794-4ea4-8e05-9a77b816d3ad,7000673235532309078
4af9e966-5a34-40ac-8d01-ed1a5fae8530,17540268044434845252
e8298151-f81c-4e1a-b4ff-3afda0cb99ee,4125099709268630624
533f47af-d3e0-46e6-bc1e-c4fb5d65449c,973283822445775588
a404200d-183e-44db-bfaf-bf47080c8adc,15943466766156992733
d51ffd22-0f0f-474e-93bb-0bcb11148397,17183477599110535106
c424637f-2508-4bdd-9bb4-2bf31e0880cd,11772065401312367543
96ee3192-b53a-4007-9ad3-7765b97b9bb5,3757402252939021773
a68396c2-35fd-43e0-8132-92603c080974,12279726942775474410
bae56ae9-8851-4589-8222-0d0f6c7bf3f6,16795431348112905310
34e9e677-e7f2-4d82-a61f-bb125bc01cb8,16101619056522205251
25166094-2dac-44bd-b38c-d2d9c1d410dd,3195333251421610209
820f4a05-99ee-4e89-a74d-75fd6427ed6e,11409641989445150441
1f9ec630-4173-42bc-958c-1b8bf322c806,1149936478299434982
7dd9006b-9b5e-48e0-8995-c76af202112b,3506984908941862102
c96b76cb-e9fe-4c47-8068-5a9e6a5d120d,6390823257621913325
e74c4293-f717-43c6-a0cd-f67c55211097,9454814581285602282
4fc09d1a-964b-4195-a5b7-668bbb5e92c6,3872184550181070152
b0d47281-c514-43de-8285-5282b61e9d1f,10693250050325619932
ae261e03-55d9-4a4b-831e-638f5c02107f,13822690786064499463
d49e3ef0-20c5-4b00-96b8-4bf29d75f063,18443268676135299705
c6c6760b-be8e-4563-b628-565d71dccba6,13976468543586493480
cd1689db-879c-4890-85ea-ca874be5e52f,2107882638410029480
2ea71d75-bd4f-4305-bd97-30c8c9ae7ca2,13482309287839974818
6515d363-af94-45d2-aef6-989c793d9cab,6023002584225166498
fb596b0e-e667-4e57-a6a4-4379014f8788,7918560998428979604
5e24961b-97d6-4fbc-9a28-8a9e39a000c2,2306459943046200325
cedbeab8-b174-48d0-a147-879ff73fc760,11287851933950103357
a718d25f-eb7c-49c9-8997-9348d85b45db,18163846784603761408
886a80a6-098d-451b-8f9e-150377e86c20,13305886898193404213
9ecca7dd-0ac0-4840-b9f1-13720d7afe1e,3765104612349159584
0151addf-f1ef-4d80-be8c-ee86ff009eba,18143237929197095822
b3792dc6-d0c8-4650-bd97-1258e183ef50,9638065669943146795
eba9daaf-7017-4d6d-a6de-942773c1d8e6,12715584691802871074
00257a01-9ead-4a33-8a94-aec59e01e812,1218317626839126844
76c527b8-2fd7-4005-a360-7cb25fc4a24e,6158713027555782940
5c5b01a0-2c4f-4723-9abc-a7817c7d556c,15048884178091767134
b30827c9-7e0b-4284-b8a9-a4eb5d03600c,14015474022714252161
0a3aadae-48c2-4ebf-8c49-deb2c20427a6,1399309933591535060
e544c13c-36f7-484e-9aec-5e4f2e8cd1bb,18169740194185866530
e9cf0016-6726-43e0-be85-1d45e636db7f,11083054057027375541
126e3bba-bfd2-46b2-a5c5-8c108f4349fa,8424215864945207312
07cb931b-0025-4e3b-b5a1-107559cdcf3e,9972541148830164688
eecd1af8-2861-4de6-b822-990d1edbfded,12565147224785114466
91150909-8040-49c8-8dd6-dcddda0fb104,7471866609832535789
18ebfcae-8c36-4957-832c-6e1c66fc62bd,5150286860826793549
5beafa98-9071-4bab-bca3-c3d0c0587a10,14811248774421020160
c9c9b1d1-113a-4a37-9bb0-64e4982929f9,14965320570755254348
cc2565e2-a141-4d51-9fe9-3c231e7bcd43,16409336901249732167
e4a9b07c-344d-47b0-9697-93e99482037f,17288186682592183911
0a37efcd-5caa-46b7-890f-5c9039532813,5309719177422190266
729a3a3f-44e7-436b-a78a-7c06819e22c9,11009500751850524922
871d15ee-bb58-4bdb-a591-c242cda1d759,1801402343199268932
5e049d91-729e-4378-b77e-d55f51ff1e33,216222556699392428
ef9f6db8-0521-4c1e-aabe-12d150d2489f,11664203763936452866
8874d71c-6fef-4438-9269-4fa2961fabec,8449597024886961253
e29f6899-816a-4997-be98-d17c22429a87,9617759299267923317
05c5db26-fbf8-4c0d-a15e-f6dd4e303131,1702923112469063641
2af23def-6396-487e-a40a-81b1a6c2c794,13244131210035278853
d9d171ed-f852-4213-bd97-0fcd305550e6,7055895742303727995
4777357e-c1cb-4164-9f45-b00efdc15880,16342378086190794756
c0633431-9d01-4d10-aea6-d79987f7a4ee,8666142598821072900
73bf3aa1-9fc4-4901-8465-ec2820f4641e,4318429634350423039
16e49d4e-e941-41cc-8ecd-971f6fc07070,17678363651897423556
79bfe87b-b422-4261-a77b-f8dbe77476bb,6327305550313961802
15532b16-6b5e-4ff1-9c7b-47032b3b388a,13585840676918181410
984e74d1-5c3d-4584-b5c2-ad1e8f580023,17223137305518178979
b0c11606-935b-410e-92b5-ea003a73bd15,7858583438663377005
6e2e9ae9-acf1-4b8a-b9e0-7a285c4e888e,11353655459158455617
3c785968-f0cc-4f03-9300-3b208fe8ddcb,14001510161713110679
d02611db-cea1-4d99-9bbe-6293571f8172,8117593490259912775
b1818a1d-fa90-4175-8d69-9bad88b8165e,393143815131141749
de42ff49-27bb-42c5-8585-d5e032dd834b,15254251162283051630
3fcb9819-3c7c-4d27-b5d8-c3a8087c6c3d,797859192539789970
0d493d10-7f2d-40b1-9369-2abe896b16ac,16180991931650969726
e12c86d7-7b28-4750-a7ee-c134696fb7cb,10478891782822124364
5ff105a3-9d57-426d-9653-e217079ccfd0,11256641314691477692
678a4b36-040a-4269-aa48-644509ec5b70,6059010517585807025
5d67c59e-19da-4981-85be-4dc8b9fb13bc,14031492765579190724
1262380f-f261-40ac-aede-2b53d41bc8c9,12856832205696631313
68d51128-8bdb-4361-b944-5e8364f57576,6216020866042721320
d93d7a8a-4cde-4dfb-82fe-917c77fc886d,16113142490199970281
2fbc09db-63b2-4b84-a58b-ec0f7618007f,11217563247921360651
e6cc3c4c-4862-4a18-858c-c3fd6e98a597,8970674785204877530
99352b2f-254f-4716-a8ba-63b38cca85b7,10612858040425926113
985f290e-736f-459a-ad87-829b403caf5f,15610038125897425463
5a56bc46-2372-4e4d-a14b-e524aa754955,18217070917020367871
9eff740d-6c6c-4366-8878-df5a5f720f00,41449394677316080
69514a8c-d878-4715-8bb8-4b1164669b14,4331453380129525527
c67312a5-a890-4f31-9c85-e1913572d0cb,4349803333641710850
d7af4fe8-378a-485f-a2a7-d25b46cd5c33,3768651253246805674
1e3e05d5-0cd4-4cbb-958d-b8c06c55d5d6,18245262053563668215
83fc4c0d-fbf3-4ac3-85a5-41b86403362b,403574601735336880
0a5c3075-69bd-4247-bf95-b81e6617b563,10918013866159983477
17909a55-8505-4989-a47d-e26813629e37,2886357620984086649
eeab9da7-a788-4567-a460-3f4cd2e78d1f,9251721071472719073
4c11889c-be59-4a88-a374-a73d991cb028,2639858481616020148
0789c262-01cf-4602-878a-ab76d494106d,9050839984925882735
3b1092d2-9a63-4185-a7ad-87fb9bdc0743,9466551096197283916
c7922a32-8892-486e-a7c4-24d3219d1a82,378560858825655030
73adbd27-e3c4-41b7-a3b8-eaf1487f9234,3480855321993898996
13a7f345-134f-4977-becb-938d35d9bd05,15235987922852778057
d85390f1-3fe7-4a9e-8ce8-f6eb56e7210c,17044152847260575134
2feb023f-3824-423d-890c-7232fc6bf671,6504703019713528205
069a54b9-9d6c-4053-9ce0-963cf1fca34c,17126061526267000289
46bdb912-c3ae-4ce3-a8d1-d4bc227a68b0,6055580586670150361
e62fd2a3-183d-4bf3-8e77-83c56e63d7b7,377781783319577293
ba91775d-eb20-4b59-a8d2-77ee263bfe9b,4840420520688893681
2f47e205-ad86-4e2e-b6a2-6a397cdd3492,11123598367628864617
7e5bda37-4fbe-4fa0-984a-63870d29da78,14941594032945016778
697edc65-9520-4b73-be67-6a14551d8ade,10668047805633315059
49122783-938f-456a-9a1d-8f61a2b8e1cf,7483443926099758032
d4d61af5-7255-4d44-9de0-6f863f942e96,14529873652403552410
052a0809-e52f-47c5-96db-2955f2da2f32,8354263948911291548
504cdae6-1e3f-4d13-85ca-77671678bc89,9103519643400711292
8f331a51-c7f0-47ae-867c-cc19b20f84c9,7507973113138448632
b36c5944-4347-4512-a3d2-d9009e541e96,11566309292339513643
e979b5c5-4110-46ed-8b93-4ec62e338eb9,12569623843326436193
d9f8b13d-d547-4f73-89aa-33c8ef3955b5,6873684190661036576
98e5f173-3be5-4ad0-af29-e3916bd0e3cc,4999785329056896236
44c8f03b-a5ce-44d5-b580-1a0345d0dfe6,9312845819900976416
7b3102e3-fcde-4fd7-b509-a098f083d948,14508086030909064197
78819ba7-7197-4009-a321-74984649a6d5,16547033808719872595
3238f0fa-0ae2-44b1-b09d-912439c6a2e1,3163455412918957306
a62fbe6f-93d5-4b8a-9a7d-45c34faab694,13307832834484413505
41eeefba-c8ad-4eff-ae68-0a278c99f992,15691858403457802600
4976b17f-97b6-4cbc-bc85-64151a2217dc,3695886214494104376
94ffa477-cf6a-42c7-8dff-129e14c17515,4662482635109756130
53910485-7114-40e5-8ae6-d195885c7e90,8830910952349192866
32aa7080-e212-4025-85a1-2b77287ae447,13387478872864540789
08e78005-d53b-4c43-b217-a7834fffe42b,12641221157637076607
d889b12d-5a75-4ddd-b389-958d3eab7062,13280548091183795456
70c6d9af-c3b9-4488-a894-3a0db056260d,18325098830961889061
06d79e13-2498-4b3f-b258-93faea3bf904,3833183971688497885
329770fe-2973-4954-a6ba-ab2cad2062e0,16883856138432573582
d1e95c9c-7640-414d-9b78-dffe7f0a5587,2112996022206156044
ba05b982-fe9f-4573-8a71-ce9416664358,3580320712183758633
1c486463-3961-4224-9f53-418b80fe8044,5331716868317779502
339631dd-b1a9-4a18-8ac8-1571e942b02f,4310186289615003410
557b4b18-151e-49d2-abb4-489916438d85,1853876807069891791
a5fc4d8b-a5a7-4442-a47b-a865431b7a0d,4874147029969923691
1a8b9f52-3989-4191-a2b8-67406505dc71,11210151575968733901
c45befbc-8389-44aa-81d5-9ffe3e49b36d,15415189942102898768
edb720f6-641c-44f7-b992-2f2eae1d49a8,5855542480468067577
9bdeb7bc-7fcb-4b86-b7ca-c083a97cb2ec,4208881548384215684
0158e6e0-604a-4e68-b151-b1f1a871bdd9,16138281484569522126
b85f11d2-9478-458e-902c-550eef1ad17b,15094171635469753985
c1fd9101-78e8-4d09-860f-3a10e0799692,2338142529026670740
ef594816-a3cc-4151-9296-70c62779b36f,17070303720668886390
168d2504-79af-4457-9768-c1b2b3391592,10865160520479267665
ecbe40ed-0385-4a4b-a4a5-24479aab1bde,3207026137394395157
020da2d6-ed6b-4585-9522-0fa720838f33,47138753801559814
a772416a-9424-4bff-a854-d7592a40f7ed,8356037902078129018
3d00e65d-d6a2-4917-b2c0-ef7b76f5d5b5,4921316306885832388
79693b15-b04d-4a48-9171-0314c89881ac,10627528453776843257
97779cd2-b2d6-42be-8151-461330c73327,1254591576232891155
641947e7-a171-458a-ab70-8f4b5e1eb343,5056634618670155394
0df4376c-6064-45b8-9823-b43e7ad43db6,9839049173172867825
88e8509d-b2b2-4971-bf5f-ac7d44404168,14901788145751242279
d8b3231a-f32d-45e5-aa15-c4aff4d07483,18395761193742741308
edda19bf-93f8-4d35-9e03-1766a9b6e6ca,6882374428529878447
31c000a1-de27-4504-8696-da3ba2214bd2,7206700165516608666
c80da63c-fd2b-4767-9081-a33237a8bf91,8876694371442712231
85961cb2-d5a1-4178-8a35-0c54ce784e25,17718613574685518233
67663de7-ae75-47bc-a1dc-6f06358d046e,319791735804265418
e1d281d4-b939-438d-b156-78906511f665,457484909239164118
039d086d-cee9-4a2e-91c6-7b1bd0df4e33,6668208908982349194
d0c79c15-ffc8-4bd1-9808-f9970f212d6a,11606218968075491829
582dddc0-8cd5-411a-af55-7ec1764b9229,10164057818888251856
6e8eb925-861a-4ea2-b87a-3cc2f9e3bf9e,3586217286607276272
b9b6482e-e6d1-4d86-b5e7-1ced083547ff,1976724434100121510
13f1f713-3e98-4b35-bb74-5d455bc3c139,13217147365103125639
24fc800b-993a-44a7-a7d6-261a42b63f96,7851414563470265291
90695d54-6e7e-418f-a89a-3d7dd33a816b,4956610063132595638
f484d571-240d-4cc6-94a9-62c23fcb6a84,15395488801288498660
aaf5dbcf-a04f-425e-b5c0-ae76ca116698,6026232894937688815
b4c11210-a6a1-4589-9798-37b3069919e0,4497396156014209433
4b697af9-2672-4e4b-ad8c-e78fc1a921a0,15885753522416916868
850cb951-be99-4e8f-900c-0e4234d9b941,8270651400481942086
f32bce2f-6087-4e46-9f48-ad2843bb6ba3,4472030993381388241
f3840ab3-3551-42b6-899f-668b47e2a704,981413453351002525
84942cdb-4c92-40ec-9f64-b897eb4cbe02,144925948064615124
686e505f-186a-48e3-986a-a0c8eb642fbb,14920576741810295215
04d33e9c-697e-4e6c-920b-716a5a958226,363679118212868078
4d5880db-f3bf-4e95-9b95-fed46ea3d4b1,13176091596767896998
9c29d438-6ebd-43b5-9510-97bdada0760a,4723452657032753157
167be966-db48-478d-96d5-a58ef2a3c4ad,6722080200660800103
6da1c123-cb1b-4820-83a5-0afe5efd5fbb,18035075097589879554
8692b0dc-e073-4c03-87f7-4c49ea8b1855,285568556390427990
07d8b0a1-11ab-46d7-9095-8ddfdc7c12d5,1382230744489075883
6bda26a7-005b-4631-9ce4-751570188702,4606035921807140973
9d830011-15d4-4018-895f-b1898b9aad79,2583812507113501967
5114e950-f219-436d-b392-7154ff45e585,12078668781141430739
e698bf80-4318-4f6b-a622-849731139ca8,5859832215344068765
572063d6-1f27-484a-a3a9-b7ddb6efb430,12091599212790375385
70295d7d-59b1-41fc-af24-5b1f3c98964a,4246540572853918005
e976c972-31d9-4b37-8e10-4068f0874ed0,14800547842143452889
ac843193-2911-41de-addf-0d16922e2a02,14165840256637499187
80c07b1e-27e2-4a43-8ba4-1fa0c18eef69,5171591724981175004
d7f9caf6-8522-489f-8bf4-517fffe90421,10803758287977634024
f1a62d60-f351-4f89-a38c-038660e80a06,15749807667240190113
10d1e596-8ba5-4bb4-888f-df0b383374a2,10596593736335264152
9191ea82-83db-436a-9bd8-0eee9366a542,17555795360042043838
4ef08d84-e954-44ca-82dd-e6f65c2bd654,1218333820282120236
5566784d-a6fa-4877-afe2-b82363c4fcac,5716082094949020654
63d42f4e-c2b3-4d38-8508-ac0f30576e42,14945684277706157089
eb206603-05ab-4f46-98a9-622e5c776969,10804302770835464015
b332863d-f443-4fed-92a4-4999394d754c,10344232293798879371
dcc9141e-0be9-49f9-9cb3-dc6dce8a99eb,3422950895375504050
ac6835d2-1cb9-4520-a87a-508f3798d36f,5786397416885829669
aa2d3ae3-167e-4d6d-89e6-41d4afb97de4,1909437445721716250
9e40de0c-dd26-4b73-88e0-b10814298f97,16662160710592372967
17663dff-c0e4-4e65-8a15-1ad689315ab8,1306386257744549119
043fbd93-9562-4b89-b93b-67cdbbeab348,17502791133915263080
1a0d6a49-c515-460b-8022-5e05a9abd191,15329841806448651439
696dd5e2-203a-41f5-9843-eca28ce535e7,16929088264217980586
6b70c6e2-a23f-4bfa-9b3b-6f718f11bb1d,13724817752153594992
8f3b87cd-afc8-4421-969d-2025fe99aa00,14828827366350226742
bc94e62f-b783-4bab-8d41-4f2743168966,15567582603006500187
cfe3258c-c655-4b4a-8ec7-dd35a4941d6a,4633463967217837376
dd110f21-4206-440b-84d7-2e37f9bd2097,11770606327878117283
c097e0eb-8a5f-400a-b93d-22fc3c20eafd,7435972731157808943
01509c69-ca38-4b2b-a69a-33157fc23319,6604876102188089491
af278675-e8fb-45c2-bfa2-646e6932d9f8,13461404355616889707
a282773c-f0bb-4762-8fbf-970d68ad3d08,5002755227349835634
f9973861-27b0-445d-802b-38031ee542d4,11772495644809284901
3ec5d899-455b-452e-8e56-2a805be3ccde,1974848909693612435
c17dc698-d793-44c2-a2ce-bd65fe457146,17798145011816915872
c6904e66-ffd0-4ee0-adfa-5ac882db7b3d,17051526879858224901
a6d80925-e6e7-4a3b-9200-5d605ab06f07,4913122719177531736
32e7f031-819d-4fe7-8749-3ec1c4e37e4f,10564361415397496688
708b3786-56b7-4130-a749-6c75f3d4bd16,4892617205113618855
f2f8f05e-0357-4e6f-8cbb-a07f735be04b,2421261688342599854
a809b2ff-e5d0-4402-9c85-bde114ed2208,17054630544505120400
ba57d9f4-f6c8-48ee-ab89-e3c267f507e4,17300667957467375626
55913245-b1d4-4408-97a0-cc065b76a3eb,2860491918855332815
7d3246a4-9e62-4bd4-922f-15c009a0a665,15263079784839616343
6864ea5f-cbd1-4d93-a524-3c1bbef779ff,17175580152397814377
942ba7d9-c4fe-47a8-9013-8ae1caa91ea1,7400427590678821916
84ef7238-15e1-44b6-88cc-7fdd211d2673,11121651607112617833
b9d537d1-80ea-43e4-b45c-47b0f2d6949b,10024363246042997540
d3e579a5-1ee3-481e-91f5-d9dd2879c64e,8158308669646219514
298f4ec8-6284-4692-99f5-c22983c6d2fd,8414379954505257468
a345c38e-4880-4e27-acb4-9f0a98749bf4,9375661390439629119
a4098803-f4ff-4841-b77b-7a91f7ab64b9,13205470183351749661
9ea6bd98-732e-4286-b478-68264bd33261,12040948262771101663
7f679a14-3a49-4d5f-93a0-e2119fb3bcc5,8326050517347184413
40585747-7ef0-4f51-baa5-2a26cc7e52c6,6968856621067806883
47e96740-dfab-4f97-b0c2-5d519e1ef9c7,1362108869254951824
0b5ac6b8-1aeb-4df8-a39a-4bef768ad53b,5809682943460654414
6e6973cc-61a2-4c9a-9efe-2205f795d522,11937172768305384128
6c289f44-4dc6-4765-99e7-3e753e9abd46,14542912703796540880
bad890b1-b398-4408-9428-c14bd9c7cd5c,4812846807991758782
cd277a89-6c80-405a-9ad8-413152ca3d7a,4068825127559883319
010349d7-ce19-44b8-9044-d1db0ef8e1ab,8644708957858272317
58327580-2155-419e-9a5c-3294a5d72b7c,10865629444548407000
84c231c0-98cf-4053-b866-f418483417e3,10794366866817989936
aca1c7cf-1038-4ba2-baf5-eff532c8f370,13982783994674573103
c280518a-c391-46f9-8189-fc2f1896dd3b,18202953174709324986
59ffd0aa-93fe-44f0-b1c2-846f1f6dcf8c,17544358298335330146
eb78cb8b-5f25-4cb2-b17c-e25df871623c,2820850227707296672
05e56dba-5fd2-420a-b45f-630daaa00f04,6706630812020455138
ee252a9b-70a1-41cc-862c-56a52f442ed4,16382328716792084099
a664bb9f-c1d1-4880-8da9-993e2d03d5ae,12829637494949948794
883b8658-0b73-48c6-8399-4013682633aa,13580780020511556421
3c9664f7-1d76-47b0-8c17-08175b6cd825,777266835099426208
99a195bb-55ba-434b-b9a0-98d7d8f0cde6,2926413006082047251
0bdb2eb3-dd13-4496-8a0f-1b9e93fd980d,4490490263782500184
c1f402ed-ea81-451f-a841-08a41de926c0,3596114866956569394
e260ed65-2e92-469c-ace9-7192c557a824,2628567748896499281
8df6e360-2119-4f93-b0fe-8b613681d659,2123861740903129736
e5640f17-ade2-488f-be73-7d7404dd31c9,4965106785275374065
9e90b703-8707-4734-a90c-ee0774a61187,9396037192181734700
878fd7d6-788a-4006-9015-40052a383fd0,11057150756598047834
64183a18-25f4-498c-b230-c3b3d854f8e3,14998263582839462342
f36ba489-df53-4891-9747-00eafb832128,5851711856697829591
6076e87e-ad56-41f8-844c-0e042835e8d8,13704119194220580921
bad684fd-a0c8-47ab-8bd0-14d172158c3d,15194358651571027792
9c5b4808-d8db-4750-8df4-aca3fb847f04,4804066710737744542
c517a67b-dd59-44c8-a479-a8445a318a8e,11622311969164343990
35fb8497-ec4b-4376-b6de-2026fa62de0b,10598454460348019517
a57161fa-1843-43c3-9feb-662977eef454,11915560352446090346
8d9c0b13-ac24-4148-b435-6ba79a3e6439,4487738084571635535
5ba85da1-82c1-4e85-a8df-27bdd89ea4f9,9421176403150883424
68e55c06-52bf-41cb-a96d-a85581d4605a,12070892992275795783
b437b7ba-ea64-4912-a4c6-d9c11b0c800a,9218142789821757968
984a89cf-efb2-473e-8fb2-cd97d98fdda4,9374629782217038740
23da0176-c3ba-4b9e-9159-24515b345079,9948010751201694742
5b28b379-a0bb-4c31-8520-6d6f637ebcb8,8475744812276088310
296d2af5-b5b4-4cf1-a49c-18b105cb6951,16617620867140147760
29a27846-600c-43b6-b226-50952b391bda,5065575944211469659
eb075ca9-6801-4016-8ff7-e2c4fcf5a79c,4297847585681485448
e32b972e-2d3d-4c09-a383-fa4f0d1ea501,4265975858580347937
fc2de58f-0780-4cb1-b42e-6539bf6f486c,9846743049736334243
acdd1977-a041-4163-8f1d-c42091c57aa7,10653611041380895911
c3360649-3561-4641-8a9c-38af674529ce,7793950978901032541
9cabf015-a4cd-40ec-94da-77f9413f6a28,17367268182362686640
35c1837b-a798-4cfe-8e34-bbc998f57a91,14178436964996585565
06ce511b-ee6d-4b6b-912e-c8e8cd0de5c9,17170975812579719845
339a46f2-b246-4fa4-8419-6244be82d96b,9653488559439464584
78367b1a-09ca-4f18-a593-d98dee8a109c,10463480906340266814
dd95dc32-12a7-47cc-9242-07af9fb2abd0,7621268041778203862
59e859f8-3281-4634-bd4a-04b11a655015,16919168843041792742
00c570d8-5ebd-4e5e-85d3-f4c714be4132,10706123309860550568
24505116-ba23-46da-8b9c-29d598585ea3,3671375021469225891
9d2d1c75-4fe3-42a8-9c71-32dff38fa5e3,10715330676121679165
0d7f9d2f-1eb5-4bf9-afe9-cd22dfb2b4a2,3122048075570428044
b6799146-c67e-4a14-b9a2-bdfcf294176d,158050339163797465
26cb8384-9d7b-401c-8f85-2b766ed9824b,4123969419546360154
c82d929d-a214-44a0-8b30-e98fc8b86b21,10600209379157748502
6f7ab80f-8cdc-4153-a17a-22315c4759a8,11218448274407063473
e64bc974-5c8a-4171-90ee-8704f66baaf3,13095737794323097616
08ec7a5c-45b8-417b-97bc-56551af8c663,9576055107539086409
d14151dc-37db-4d5f-8f55-68574f38945c,13312051102622424980
502a6f2c-067b-4ac6-bfc1-e5080c9c648a,16265446856539087982
da052b57-1895-4dba-be71-4bd07d5ebb47,676762090405615298
0676f097-bdd0-4104-9835-866c43d8c955,2355863701348555512
c7e3402c-17c4-4ba0-8bd7-f00e2a4a86b5,5385331876779145949
e22c1d4e-19fc-4220-b58e-6997e43ab47f,4446184092391020733
ddcf3565-da0d-462e-8ae1-e527398c4baa,15773323732841853471
55fd4765-12cd-49cd-a3b3-f83681b21574,4230629555415554046
efa291c2-3422-4103-a36e-1290650a81de,9943645349286575959
2fd56094-e35e-42f3-8365-f100a02af2c7,10598183037572812739
449f560c-c562-4b89-84be-130de336175b,16108716575998466595
6ef9cc0a-3581-45ca-a070-638cb9c59836,15194950966138438257
9fc05418-8961-4a4b-a92d-176530183d67,9880364419524495231
4d449fa8-b6f9-484f-8460-7dbcd52c73b4,657259254576083685
eb24a779-525f-4239-9f62-72bd36422ec4,16802664754177580793
